{
  "version": "1.0",
  "servicename": "ogmios",
  "type": "jsonwsp/response",
  "reflection": 14,
  "methodname": "SubmitTx",
  "result": {
    "SubmitFail": [
      {
        "missingVkWitnesses": [
          "0d94e174732ef9aae73f395ab44507bfa983d65023c11a951f0c32e4",
          "76e607db2a31c9a2c32761d2431a186a550cc321f79cd8d6a82b29b8",
          "a646474b8f5431261506b6c273d307c7569a4eb6c96b42dd4a29520a",
          "b5ae663aaea8e500157bdf4baafd6f5ba0ce5759f7cd4101fc132f54",
          "e36cac9d067342ad1d24bbcff93669c0d19d1d5b5cc80df3a8227a9e"
        ]
      },
      {
        "delegateNotRegistered": "pool1y06yul5r58xhvfyqtf7k69k9ljjnz742rk5elsz73n0jveznsv7"
      },
      {
        "extraDataMismatch": {
          "provided": "fadd2180bd6b1cfa73a67e7892d878521ef69918995040fb8661647d321e0c55",
          "inferredFromParameters": "fb3d635c7cb573d1b9e9bff4a64ab4f25190d29b6fd8db94c605a218a23fa9ad"
        }
      },
      {
        "delegateNotRegistered": "pool1x4p2evaxfkqv9yczycxk9sac0f6z4522h7z4a0r8xvypuxru6s8"
      },
      {
        "missingRequiredRedeemers": {
          "missing": []
        }
      },
      {
        "collateralIsScript": [
          [
            {
              "index": 996,
              "txId": "0268be9dbd0446eaa217e1dec8f399249305e551d7fc1437dd84521f74aa621c"
            },
            {
              "value": {
                "coins": 36,
                "assets": {
                  "65fc709a5e019b8aba76f6977c1c8770e4b36fa76f434efc588747b7.a6": 18,
                  "eccbfb5c619673f0648a42cc2f822c81cbc34aee41274638e89a7af5": 60,
                  "b5ae663aaea8e500157bdf4baafd6f5ba0ce5759f7cd4101fc132f54.410d": 28,
                  "4b279a388de46bb4d33c4df64da357640be900b04625a43651b7b059.362c97a9401bca": 16,
                  "bd039f956f4b302f3ab6fc7c4bac3350a540f44af81a8492194dd2c2.56c2f3fd5d9ec0": 62,
                  "e0a714319812c3f773ba04ec5d6b3ffcd5aad85006805b047b082541.2f676f": 29
                }
              },
              "address": "EqGAuA8vHnP8zRHTpYAq6raRzvcMep1Vf4ceR7AvTzguQroTYtvNsjosfb3HSpMaKwMpd58c5YouBeH97ZkgaxxpSc9eP6aze8q6MMbhnae4XRVqSC5HYYA",
              "datum": "95c3003a78585e0db8c9496f6deef4de0ff000994b8534cd66d4fe96bb21ddd3"
            }
          ],
          [
            {
              "index": 780,
              "txId": "3f3782871202b3e4e89ec4d17789d86b05cdca5efd81be573baf93403dc3b29a"
            },
            {
              "value": {
                "coins": 10,
                "assets": {
                  "eccbfb5c619673f0648a42cc2f822c81cbc34aee41274638e89a7af5.e17d": 13,
                  "23f44e7e83a1cd7624805a7d6d16c5fca5317aaa1da99fc05e8cdf26.7d89b3e4ce": 7,
                  "3542acb3a64d80c29302260d62c3b87a742ad14abf855ebc6733081e.bfb2ceae9f": 51
                }
              },
              "address": "2RhQhCGqYPDopNqqXS5Fzj9PfApNbji2rL5bhEx1tt1uvptcnjyAWi1rLayYVbWVNuNxYVL8fDcV3JLmYxdCWr6Uq3pc3brxtwipbw4XfajvMy",
              "datum": "ee155ace9c40292074cb6aff8c9ccdd273c81648ff1149ef36bcea6ebb8a3e25"
            }
          ],
          [
            {
              "index": 142,
              "txId": "4f539156bfbefc070a3b61cad3d1cedab3050e2b2a62f0ffe16a43eb0edc1ce8"
            },
            {
              "value": {
                "coins": 41,
                "assets": {}
              },
              "address": "EqGAuA8vHnNfpApaiebYt44vKFkL5tku8Q9kTUWAqsCNryHMSBUygqMmRj9kwmjqwR2tiqwsxnetAPrnL9cq1k4sG9E7nAyFMtz5bK51xPH3t9KWfcPV5iC",
              "datum": "2208e439244a1d0ef238352e3693098aba9de9dd0154f9056551636c8ed15dc1"
            }
          ],
          [
            {
              "index": 94,
              "txId": "ee155ace9c40292074cb6aff8c9ccdd273c81648ff1149ef36bcea6ebb8a3e25"
            },
            {
              "value": {
                "coins": 63,
                "assets": {
                  "4b279a388de46bb4d33c4df64da357640be900b04625a43651b7b059.b9c8aa09": 18
                }
              },
              "address": "addr_test1qpmwvp7m9gcungkryasaysc6rp492rxry8meekxk4q4jnw8ve0a4ccvkw0cxfzjzeshcytype0p54mjpyarr36y60t6shunvvh",
              "datum": null
            }
          ],
          [
            {
              "index": 405,
              "txId": "ee155ace9c40292074cb6aff8c9ccdd273c81648ff1149ef36bcea6ebb8a3e25"
            },
            {
              "value": {
                "coins": 26,
                "assets": {
                  "eccbfb5c619673f0648a42cc2f822c81cbc34aee41274638e89a7af5.44e9e45e": 23,
                  "e0a714319812c3f773ba04ec5d6b3ffcd5aad85006805b047b082541": 29,
                  "4acf2773917c7b547c576a7ff110d2ba5733c1f1ca9cdc659aea3a56.711159": 33,
                  "23f44e7e83a1cd7624805a7d6d16c5fca5317aaa1da99fc05e8cdf26.035e91": 30,
                  "bd039f956f4b302f3ab6fc7c4bac3350a540f44af81a8492194dd2c2.2b": 61,
                  "76e607db2a31c9a2c32761d2431a186a550cc321f79cd8d6a82b29b8.9bb5": 34,
                  "e36cac9d067342ad1d24bbcff93669c0d19d1d5b5cc80df3a8227a9e.95e67bdf4c": 54
                }
              },
              "address": "EqGAuA8vHnNsXFxDf3dg8dmi8RnxMcQFbjoGTuPWqzFd4Mcq1XG3pFb9HDs3RJxzNUJwzTvsWTCcFVRsKURJ9UZekr2tBFAVddTzGzuajjwm4t24darPjQo",
              "datum": "873e4fe9e41e924911bba3ec53ff4782efc8c0f244fb75c879f8a4328d0142ca"
            }
          ],
          [
            {
              "index": 222,
              "txId": "f63498b4ae65be466e4a71878971b9c524458996450b0ff8262cddf3f0d99229"
            },
            {
              "value": {
                "coins": 44,
                "assets": {}
              },
              "address": "addr_test1xrkvh76uvxt88ury3fpvctuz9jquhs62aeqjw33cazd84a2ty7dr3r0ydw6dx0zd7ex6x4myp05spvzxykjrv5dhkpvst0ffq5",
              "datum": "ee155ace9c40292074cb6aff8c9ccdd273c81648ff1149ef36bcea6ebb8a3e25"
            }
          ],
          [
            {
              "index": 116,
              "txId": "fb3d635c7cb573d1b9e9bff4a64ab4f25190d29b6fd8db94c605a218a23fa9ad"
            },
            {
              "value": {
                "coins": 8,
                "assets": {
                  "e36cac9d067342ad1d24bbcff93669c0d19d1d5b5cc80df3a8227a9e.bff209994a35": 63,
                  "76e607db2a31c9a2c32761d2431a186a550cc321f79cd8d6a82b29b8.b9af": 26
                }
              },
              "address": "EqGAuA8vHnP8AQMNFJ97QjNtHA6oE3zFySWHPsDWfLnJ13gFmAGwxfRYGkVNDoG8CNcgz4SFEBEQBcFDR2w6HRiZZ3Cp1CFUE71LzdtypEaZGGTW79UqHpK",
              "datum": null
            }
          ],
          [
            {
              "index": 805,
              "txId": "fb3d635c7cb573d1b9e9bff4a64ab4f25190d29b6fd8db94c605a218a23fa9ad"
            },
            {
              "value": {
                "coins": 3,
                "assets": {
                  "eccbfb5c619673f0648a42cc2f822c81cbc34aee41274638e89a7af5.332847fb729b": 14,
                  "3542acb3a64d80c29302260d62c3b87a742ad14abf855ebc6733081e": 30,
                  "e0a714319812c3f773ba04ec5d6b3ffcd5aad85006805b047b082541.bac6212bea": 9,
                  "bd039f956f4b302f3ab6fc7c4bac3350a540f44af81a8492194dd2c2.6721c183": 50,
                  "b5ae663aaea8e500157bdf4baafd6f5ba0ce5759f7cd4101fc132f54.34f4b5416209a0": 44,
                  "a646474b8f5431261506b6c273d307c7569a4eb6c96b42dd4a29520a.8adad7beb7dfa3": 28
                }
              },
              "address": "addr_test1yz7s88u4da9nqte6km78cjavxdg22s85ftup4pyjr9xa9snkucrak233ex3vxfmp6fp35xr225xvxg0hnnvdd2pt9xuq2p3cud",
              "datum": null
            }
          ]
        ]
      }
    ]
  }
}
